---
source: tests/end_to_end.rs
expression: md
---
---
---
# PR Hygiene Report
*Last updated: 2026-05-19 06:00 UTC · commit abc1234*

## Summary
- Open PRs: **6** (1 clean · 3 dirty · 1 deferred · 1 draft)
- PRs needing author action: **2**
- Total unresolved threads: **4**

## Scoreboard
_Sort: dirty PRs desc → needs-action desc → to-review desc. Clean players sink to the bottom; pure reviewers appear after authors._

| Author | Open | Clean | Dirty | Deferred | Draft | Needs action | Unresolved | CR | Human | To review |
|---|---:|---:|---:|---:|---:|---:|---:|---:|---:|---:|
| @alice | 3 | — | 2 | 1 | — | 2 | 3 | 2 | 1 | 1 |
| @bob | 2 | — | 1 | — | 1 | — | 1 | — | 1 | — |
| @carol | 1 | 1 | — | — | — | — | — | — | — | — |

## PRs needing author action
### @alice
- [#1234 Add foo support](https://github.com/dashpay/platform/pull/1234) — 2 unresolved (1 CodeRabbit, 1 human) · 23 days stale · ✋ changes requested · 🔴 CI failing
  - Top thread: "This should use error wrapping instead of bare returns" — 23 days old
- [#1240 Refactor scheduler](https://github.com/dashpay/platform/pull/1240) — 1 unresolved (1 CodeRabbit) · 39 days stale · ⚠ merge conflict
  - Top thread: "🛠️ Refactor suggestion: extract this loop" — 39 days old

## Methodology
Generated nightly by [pr-hygiene](https://github.com/dashpay/stale_prs_are_bad). A thread counts as "unresolved" when it is open, not outdated, has a comment from someone other than the PR author, and the most recent comment is from a reviewer. **Dirty** = at least one such thread. **Deferred** = carries a configured deferred label (e.g. `postponed`) — visible but not counted as dirty. **Draft** = the PR is still marked draft on GitHub. **Clean** = open, not draft, not deferred, no unresolved threads. **Needs action** further requires changes-requested, merge conflict, or that the reviewer commented more recently than the author last pushed. **To review** counts clean, non-draft PRs (authored by someone else) where this person is in the requested-reviewer list. Configurable via [`.pr-hygiene.yml`](.pr-hygiene.yml)—edit defaults there.

_No history snapshot from last week was found, so week-over-week deltas are omitted this run._
